# serializer version: 1
# name: test_characteristic_aliases
  dict({
    'value': 21.5,
    'settable': True,
    'values': list([
      18.0,
      21.5,
      25.0,
    ]),
    'ref': None,
    'min_value': 10,
    'max_value': 30,
    'step_value': 0.5,
    'max_length': None,
  })
# ---
# name: test_homehub_model
  dict({
    'id': '6a84eb95-60ea-4c21-8376-a10b3886437f',
    'device_model': 'homehub',
    'device_type': 'homehub',
    'available': True,
    'embedded_id': 'cb4d0c17-4913-4a60-96a7-b7024c88a124',
    'management_points': list([
      dict({
        'embedded_id': 'gateway',
        'type': 'gateway',
        'category': 'secondary',
        'software_version': '2.3.0',
      }),
    ]),
  })
# ---
