# serializer version: 1
# name: test_all_existing_device_fixtures[climate_floorheatingairflow.json]
  list([
    dict({
      'available': True,
      'management_points': list([
        dict({
          'id': 'gateway',
          'name': None,
          'operation_mode': None,
          'operation_modes': None,
          'sub_type': None,
          'type': 'gateway',
        }),
        dict({
          'id': 'climateControl',
          'name': 'Woonkamer airco',
          'operation_mode': 'heating',
          'operation_modes': list([
            'fanOnly',
            'heating',
            'cooling',
            'auto',
            'dry',
          ]),
          'sub_type': 'mainZone',
          'type': 'climateControl',
        }),
        dict({
          'id': 'indoorUnit',
          'name': None,
          'operation_mode': None,
          'operation_modes': None,
          'sub_type': None,
          'type': 'indoorUnit',
        }),
        dict({
          'id': 'outdoorUnit',
          'name': None,
          'operation_mode': None,
          'operation_modes': None,
          'sub_type': None,
          'type': 'outdoorUnit',
        }),
      ]),
      'model': 'dx4',
    }),
    dict({
      'available': True,
      'management_points': list([
        dict({
          'id': 'gateway',
          'name': None,
          'operation_mode': None,
          'operation_modes': None,
          'sub_type': None,
          'type': 'gateway',
        }),
        dict({
          'id': 'climateControl',
          'name': 'Laurens',
          'operation_mode': 'heating',
          'operation_modes': list([
            'fanOnly',
            'heating',
            'cooling',
            'auto',
            'dry',
          ]),
          'sub_type': 'mainZone',
          'type': 'climateControl',
        }),
        dict({
          'id': 'indoorUnit',
          'name': None,
          'operation_mode': None,
          'operation_modes': None,
          'sub_type': None,
          'type': 'indoorUnit',
        }),
        dict({
          'id': 'outdoorUnit',
          'name': None,
          'operation_mode': None,
          'operation_modes': None,
          'sub_type': None,
          'type': 'outdoorUnit',
        }),
      ]),
      'model': 'dx4',
    }),
  ])
# ---
