# serializer version: 1
# name: test_all_existing_device_fixtures[fanmode.json]
  list([
    dict({
      'available': True,
      'management_points': list([
        dict({
          'id': 'gateway',
          'name': 'Gateway',
          'operation_mode': None,
          'operation_modes': None,
          'sub_type': None,
          'type': 'gateway',
        }),
        dict({
          'id': 'climateControl',
          'name': 'Sala',
          'operation_mode': 'heating',
          'operation_modes': list([
            'auto',
            'dry',
            'cooling',
            'heating',
            'fanOnly',
          ]),
          'sub_type': 'mainZone',
          'type': 'climateControl',
        }),
        dict({
          'id': 'indoorUnit',
          'name': 'Indoor Unit',
          'operation_mode': None,
          'operation_modes': None,
          'sub_type': None,
          'type': 'indoorUnit',
        }),
      ]),
      'model': 'dx23',
    }),
  ])
# ---
