# serializer version: 1
# name: test_consumption_data_model
  dict({
    'electrical_heating': dict({
      'day': list([
        None,
        None,
        None,
        1,
        2,
        0,
        2,
        3,
        0,
        1,
        1,
        1,
        1,
        2,
        1,
        1,
        2,
        3,
        1,
        5,
        7,
        1,
        2,
        None,
      ]),
      'month': list([
        None,
        None,
        None,
        None,
        None,
        None,
        None,
        None,
        None,
        None,
        None,
        None,
        None,
        None,
        None,
        None,
        None,
        None,
        None,
        None,
        None,
        None,
        None,
        264,
      ]),
      'week': list([
        None,
        None,
        None,
        None,
        100,
        30,
        130,
        None,
        None,
        None,
        None,
        100,
        30,
        130,
      ]),
    }),
    'electrical_unit': 'kWh',
    'gas_heating': dict({
      'day': list([
        None,
        None,
        None,
        1,
        2,
        0,
        2,
        3,
        0,
        1,
        1,
        1,
        1,
        2,
        1,
        1,
        2,
        3,
        1,
        5,
        7,
        1,
        2,
        None,
      ]),
      'month': list([
        None,
        None,
        None,
        None,
        None,
        None,
        None,
        None,
        None,
        None,
        None,
        None,
        None,
        None,
        None,
        None,
        None,
        None,
        None,
        None,
        None,
        None,
        None,
        264,
      ]),
      'week': list([
        None,
        None,
        None,
        None,
        100,
        30,
        130,
        None,
        None,
        None,
        None,
        100,
        30,
        130,
      ]),
    }),
    'gas_unit': 'kWh',
  })
# ---
