# serializer version: 1
# name: test_all_existing_device_fixtures[dry.json]
  list([
    dict({
      'available': True,
      'management_points': list([
        dict({
          'id': 'gateway',
          'name': None,
          'operation_mode': None,
          'operation_modes': None,
          'sub_type': None,
          'type': 'gateway',
        }),
        dict({
          'id': 'climateControl',
          'name': 'Master Bathroom',
          'operation_mode': 'dry',
          'operation_modes': list([
            'fanOnly',
            'cooling',
            'dry',
          ]),
          'sub_type': 'mainZone',
          'type': 'climateControl',
        }),
        dict({
          'id': 'indoorUnit',
          'name': None,
          'operation_mode': None,
          'operation_modes': None,
          'sub_type': None,
          'type': 'indoorUnit',
        }),
        dict({
          'id': 'outdoorUnit',
          'name': None,
          'operation_mode': None,
          'operation_modes': None,
          'sub_type': None,
          'type': 'outdoorUnit',
        }),
      ]),
      'model': 'dx4',
    }),
    dict({
      'available': True,
      'management_points': list([
        dict({
          'id': 'gateway',
          'name': None,
          'operation_mode': None,
          'operation_modes': None,
          'sub_type': None,
          'type': 'gateway',
        }),
        dict({
          'id': 'climateControl',
          'name': 'Lounge',
          'operation_mode': 'dry',
          'operation_modes': list([
            'fanOnly',
            'cooling',
            'dry',
          ]),
          'sub_type': 'mainZone',
          'type': 'climateControl',
        }),
        dict({
          'id': 'indoorUnit',
          'name': None,
          'operation_mode': None,
          'operation_modes': None,
          'sub_type': None,
          'type': 'indoorUnit',
        }),
        dict({
          'id': 'outdoorUnit',
          'name': None,
          'operation_mode': None,
          'operation_modes': None,
          'sub_type': None,
          'type': 'outdoorUnit',
        }),
      ]),
      'model': 'dx4',
    }),
    dict({
      'available': True,
      'management_points': list([
        dict({
          'id': 'gateway',
          'name': None,
          'operation_mode': None,
          'operation_modes': None,
          'sub_type': None,
          'type': 'gateway',
        }),
        dict({
          'id': 'climateControl',
          'name': 'Bedroom 3',
          'operation_mode': 'dry',
          'operation_modes': list([
            'fanOnly',
            'heating',
            'cooling',
            'dry',
          ]),
          'sub_type': 'mainZone',
          'type': 'climateControl',
        }),
        dict({
          'id': 'indoorUnit',
          'name': None,
          'operation_mode': None,
          'operation_modes': None,
          'sub_type': None,
          'type': 'indoorUnit',
        }),
        dict({
          'id': 'outdoorUnit',
          'name': None,
          'operation_mode': None,
          'operation_modes': None,
          'sub_type': None,
          'type': 'outdoorUnit',
        }),
      ]),
      'model': 'dx4',
    }),
    dict({
      'available': True,
      'management_points': list([
        dict({
          'id': 'gateway',
          'name': None,
          'operation_mode': None,
          'operation_modes': None,
          'sub_type': None,
          'type': 'gateway',
        }),
        dict({
          'id': 'climateControl',
          'name': 'Kitchen',
          'operation_mode': 'dry',
          'operation_modes': list([
            'fanOnly',
            'cooling',
            'dry',
          ]),
          'sub_type': 'mainZone',
          'type': 'climateControl',
        }),
        dict({
          'id': 'indoorUnit',
          'name': None,
          'operation_mode': None,
          'operation_modes': None,
          'sub_type': None,
          'type': 'indoorUnit',
        }),
        dict({
          'id': 'outdoorUnit',
          'name': None,
          'operation_mode': None,
          'operation_modes': None,
          'sub_type': None,
          'type': 'outdoorUnit',
        }),
      ]),
      'model': 'dx4',
    }),
    dict({
      'available': True,
      'management_points': list([
        dict({
          'id': 'gateway',
          'name': None,
          'operation_mode': None,
          'operation_modes': None,
          'sub_type': None,
          'type': 'gateway',
        }),
        dict({
          'id': 'climateControl',
          'name': 'Bedroom 1',
          'operation_mode': 'dry',
          'operation_modes': list([
            'fanOnly',
            'cooling',
            'dry',
          ]),
          'sub_type': 'mainZone',
          'type': 'climateControl',
        }),
        dict({
          'id': 'indoorUnit',
          'name': None,
          'operation_mode': None,
          'operation_modes': None,
          'sub_type': None,
          'type': 'indoorUnit',
        }),
        dict({
          'id': 'outdoorUnit',
          'name': None,
          'operation_mode': None,
          'operation_modes': None,
          'sub_type': None,
          'type': 'outdoorUnit',
        }),
      ]),
      'model': 'dx4',
    }),
    dict({
      'available': True,
      'management_points': list([
        dict({
          'id': 'gateway',
          'name': None,
          'operation_mode': None,
          'operation_modes': None,
          'sub_type': None,
          'type': 'gateway',
        }),
        dict({
          'id': 'climateControl',
          'name': 'Master Bedroom',
          'operation_mode': 'dry',
          'operation_modes': list([
            'fanOnly',
            'cooling',
            'dry',
          ]),
          'sub_type': 'mainZone',
          'type': 'climateControl',
        }),
        dict({
          'id': 'indoorUnit',
          'name': None,
          'operation_mode': None,
          'operation_modes': None,
          'sub_type': None,
          'type': 'indoorUnit',
        }),
        dict({
          'id': 'outdoorUnit',
          'name': None,
          'operation_mode': None,
          'operation_modes': None,
          'sub_type': None,
          'type': 'outdoorUnit',
        }),
      ]),
      'model': 'dx4',
    }),
    dict({
      'available': True,
      'management_points': list([
        dict({
          'id': 'gateway',
          'name': None,
          'operation_mode': None,
          'operation_modes': None,
          'sub_type': None,
          'type': 'gateway',
        }),
        dict({
          'id': 'climateControl',
          'name': 'Bedroom 2',
          'operation_mode': 'dry',
          'operation_modes': list([
            'fanOnly',
            'cooling',
            'dry',
          ]),
          'sub_type': 'mainZone',
          'type': 'climateControl',
        }),
        dict({
          'id': 'indoorUnit',
          'name': None,
          'operation_mode': None,
          'operation_modes': None,
          'sub_type': None,
          'type': 'indoorUnit',
        }),
        dict({
          'id': 'outdoorUnit',
          'name': None,
          'operation_mode': None,
          'operation_modes': None,
          'sub_type': None,
          'type': 'outdoorUnit',
        }),
      ]),
      'model': 'dx4',
    }),
  ])
# ---
